C51 COMPILER V9.60.7.0   MAIN                                                              04/21/2024 11:01:55 PAGE 1   


C51 COMPILER V9.60.7.0, COMPILATION OF MODULE MAIN
OBJECT MODULE PLACED IN .\Objects\main.obj
COMPILER INVOKED BY: D:\applications\keli 5 C51\C51\BIN\C51.EXE main.c OPTIMIZE(8,SPEED) BROWSE DEBUG OBJECTEXTEND PRINT
                    -(.\Listings\main.lst) TABS(2) OBJECT(.\Objects\main.obj)

line level    source

   1          #include <STC89C5xRC.H>
   2          #include "Delay.h"
   3          #include "MatrixLED.h"
   4          
   5          //ivu
   6          //unsigned char Animation[]={
   7          //  0x00,0x00,0x00,0x00,0x00,0x00,0x00,0x00,//增加空段，为动画的过渡段
   8          //  0x81,0x81,0xFF,0x81,0x81,0x00,0x60,0x98,
   9          //  0x84,0x42,0x21,0x42,0x84,0x98,0x60,0x00,
  10          //  0xFC,0x02,0x01,0x01,0x01,0x02,0xFC,0x00,
  11          //  0x00,0x00,0x7D,0x00,0x00,0x00,0x00,0x00,
  12          //  0x00,0x00,0x00,0x00,0x00,0x00,0x00,0x00,
  13          //};
  14          
  15          //方块儿
  16          //unsigned char Animation[]={
  17          //  0x00,0x00,0x00,0x18,0x18,0x00,0x00,0x00,
  18          //  0x00,0x00,0x3C,0x24,0x24,0x3C,0x00,0x00,
  19          //  0x00,0x7E,0x42,0x42,0x42,0x42,0x7E,0x00,
  20          //  0xFF,0x81,0x81,0x81,0x81,0x81,0x81,0xFF,
  21          //};
  22          
  23          //哥哥
  24          unsigned char code Animation[]={
  25              0x00,0x0E,0x1B,0x7F,0x7F,0x1B,0x0E,0x00,
  26              0x00,0x04,0x0C,0x18,0x7F,0x7F,0x1B,0x0E,
  27              0x00,0x08,0x0C,0x05,0x7F,0x7F,0x1E,0x0C,
  28              0xC0,0x00,0x41,0x22,0x1A,0x7C,0x7D,0x1A,
  29              0x00,0x60,0x61,0x12,0x0A,0x7E,0x7F,0x08,
  30              0x00,0x06,0x0E,0x08,0x0B,0x3E,0x3E,0x0B,
  31              0x00,0x03,0x0B,0x08,0x0B,0x3E,0x3E,0x0B,
  32              0x00,0x06,0x0E,0x08,0x09,0x3F,0x3E,0x0B,
  33              0x00,0x0E,0x13,0x7E,0x7E,0x1F,0x0E,0x00,
  34              0x08,0x13,0x7E,0x7E,0x12,0x1D,0x0C,0x00,
  35              0x09,0x12,0x7E,0x7F,0x10,0x13,0x03,0x00,
  36              0x09,0x12,0x7E,0x7F,0x10,0x1C,0x0C,0x00,
  37              0x00,0x0C,0x15,0x7E,0x7E,0x17,0x0E,0x00,
  38              0x00,0x30,0x38,0x0D,0x7E,0x7F,0x1D,0x08,
  39              0xC0,0xC0,0x30,0x1B,0x7C,0x7F,0x08,0x00,
  40              0x00,0x00,0x37,0xF8,0xFA,0x34,0x00,0x00,
  41              0x00,0x00,0x1B,0x7C,0x7C,0x1A,0x01,0x00,
  42              0x00,0x00,0x09,0x1E,0x7C,0x7F,0x18,0x00,
  43              0x00,0x00,0x1B,0x7C,0x7C,0x1B,0x00,0x00,
  44              0x00,0x00,0x09,0x1E,0x7C,0x7F,0x18,0x00,
  45              0x00,0x00,0x1B,0x7C,0x7C,0x1B,0x00,0x00,
  46              0x08,0x10,0x16,0x7C,0x7F,0x10,0x08,0x00,
  47              0x00,0x10,0x13,0x7C,0x7E,0x18,0x00,0x00,
  48              0x00,0x08,0x13,0x7C,0x7F,0x10,0x10,0x00,
  49              0x00,0x08,0x12,0xFC,0xFD,0x3A,0x00,0x00,
  50              0x00,0x08,0x12,0xFC,0xFC,0x22,0x10,0x00,
  51              0x00,0x00,0x61,0x12,0x7C,0x7F,0x10,0x60,
  52              0x00,0x00,0x20,0x11,0x12,0x7C,0x7E,0x19,
  53              0x00,0x00,0x00,0x31,0x0A,0x7C,0x7E,0x0D,
  54              0x00,0x00,0x20,0x11,0x12,0x7C,0x7E,0x19,
C51 COMPILER V9.60.7.0   MAIN                                                              04/21/2024 11:01:55 PAGE 2   

  55              0x00,0x00,0x00,0x31,0x0A,0x7C,0x7E,0x0D,
  56              0x00,0x00,0x20,0x11,0x12,0x7C,0x7E,0x19,
  57              0x00,0x00,0x00,0x31,0x0A,0x7C,0x7E,0x0D,
  58              0x00,0x00,0x20,0x11,0x12,0x7C,0x7E,0x19,
  59              0x00,0x00,0x00,0x31,0x0A,0x7C,0x7E,0x0D,
  60          };
  61          
  62          
  63          
  64          void main()
  65          {
  66   1        unsigned char i,Offset,Count;
  67   1        MatrixLED_Init();
  68   1        while(1)
  69   1        {
  70   2          for(i=0; i<8; i++)
  71   2          {
  72   3          MatrixLED_ShowColumn(i,Animation[i+Offset]);
  73   3          }
  74   2          Count++;
  75   2          if(Count>10)
  76   2          {
  77   3            Count=0;
  78   3            //IVU偏移量
  79   3      //      Offset++;
  80   3      //      if(Offset>40)
  81   3      //      {
  82   3      //        Offset=0;
  83   3      //      }
  84   3            //哥哥动画偏移量
  85   3            Offset+=8;
  86   3            if(Offset>280)
  87   3            {
  88   4              Offset=0;
  89   4            }
  90   3          }
  91   2        }
  92   1      }


MODULE INFORMATION:   STATIC OVERLAYABLE
   CODE SIZE        =     75    ----
   CONSTANT SIZE    =    280    ----
   XDATA SIZE       =   ----    ----
   PDATA SIZE       =   ----    ----
   DATA SIZE        =   ----       3
   IDATA SIZE       =   ----    ----
   BIT SIZE         =   ----    ----
END OF MODULE INFORMATION.


C51 COMPILATION COMPLETE.  0 WARNING(S),  0 ERROR(S)
